15:15:43 **** Auto Build of configuration Debug for project quabo_service ****
make all 
Building file: ../src/EthCore_Configuration.c
Invoking: MicroBlaze gcc compiler
mb-gcc -Wall -O0 -g3 -c -fmessage-length=0 -MT"src/EthCore_Configuration.o" -I../../standalone_bsp_0/microblaze_0/include -mlittle-endian -mcpu=v11.0 -mxl-soft-mul -Wl,--no-relax -ffunction-sections -fdata-sections -MMD -MP -MF"src/EthCore_Configuration.d" -MT"src/EthCore_Configuration.o" -o "src/EthCore_Configuration.o" "../src/EthCore_Configuration.c"
Finished building: ../src/EthCore_Configuration.c
 
Building target: quabo_service.elf
Invoking: MicroBlaze gcc linker
mb-gcc -Wl,-T -Wl,../src/lscript.ld -L../../standalone_bsp_0/microblaze_0/lib -mlittle-endian -mcpu=v11.0 -mxl-soft-mul -Wl,--no-relax -Wl,--gc-sections -o "quabo_service.elf"  ./src/EthCore_Configuration.o ./src/main.o ./src/platform.o ./src/platform_mb.o   -Wl,--start-group,-lxil,-lgcc,-lc,--end-group -Wl,--start-group,-lxil,-llwip4,-lgcc,-lc,--end-group
Finished building target: quabo_service.elf
 
Invoking: MicroBlaze Print Size
mb-size quabo_service.elf  |tee "quabo_service.elf.size"
   text	   data	    bss	    dec	    hex	filename
  90032	   1780	 161220	 253032	  3dc68	quabo_service.elf
Finished building: quabo_service.elf.size
 

15:15:43 Build Finished (took 314ms)

