11:57:35 **** Build of configuration Debug for project quabo_service ****
make all 
Building file: ../src/main.c
Invoking: MicroBlaze gcc compiler
mb-gcc -Wall -O0 -g3 -I../../standalone_bsp_0/microblaze_0/include -I"/media/wei/DATA/LW/quabo_V008/quabo3_Viv20183.sdk/WS3_WR/quabo_service/src" -c -fmessage-length=0 -MT"src/main.o" -I../../standalone_bsp_1/microblaze_0/include -mlittle-endian -mcpu=v11.0 -mxl-soft-mul -Wl,--no-relax -ffunction-sections -fdata-sections -MMD -MP -MF"src/main.d" -MT"src/main.o" -o "src/main.o" "../src/main.c"
../src/main.c: In function 'main':
../src/main.c:492:20: warning: passing argument 2 of 'udp_recv' from incompatible pointer type [-Wincompatible-pointer-types]
  udp_recv(cmd_pcb, recv_callback, NULL);
                    ^~~~~~~~~~~~~
In file included from ../src/main.c:36:0:
../../standalone_bsp_0/microblaze_0/include/lwip/udp.h:123:18: note: expected 'udp_recv_fn {aka void (*)(void *, struct udp_pcb *, struct pbuf *, const struct ip4_addr *, short unsigned int)}' but argument is of type 'void (*)(void *, struct udp_pcb *, struct pbuf *, struct ip4_addr *, u16_t) {aka void (*)(void *, struct udp_pcb *, struct pbuf *, struct ip4_addr *, short unsigned int)}'
 void             udp_recv       (struct udp_pcb *pcb, udp_recv_fn recv,
                  ^~~~~~~~
../src/main.c: In function 'Set_MAROC_registers':
../src/main.c:887:6: warning: variable 'val2write' set but not used [-Wunused-but-set-variable]
  u32 val2write;
      ^~~~~~~~~
In file included from ../../standalone_bsp_0/microblaze_0/include/xspi.h:314:0,
                 from ../src/main.c:39:
../src/main.c: In function 'GetHouseKeeping':
../../standalone_bsp_0/microblaze_0/include/xspi_l.h:98:12: warning: passing argument 1 of 'Xil_In32' makes integer from pointer without a cast [-Wint-conversion]
  XSpi_In32((BaseAddress) + (RegOffset))
            ^
../src/main.c:1122:7: note: in expansion of macro 'XSpi_ReadReg'
  if ((XSpi_ReadReg(&Spi, XSP_SR_OFFSET) & XSP_SR_TX_EMPTY_MASK) != 0) return -1;
       ^~~~~~~~~~~~
In file included from ../../standalone_bsp_0/microblaze_0/include/xgpio_l.h:83:0,
                 from ../../standalone_bsp_0/microblaze_0/include/xgpio.h:132,
                 from ../src/main.c:27:
../../standalone_bsp_0/microblaze_0/include/xil_io.h:147:19: note: expected 'UINTPTR {aka unsigned int}' but argument is of type 'XSpi * {aka struct <anonymous> *}'
 static INLINE u32 Xil_In32(UINTPTR Addr)
                   ^~~~~~~~
In file included from ../../standalone_bsp_0/microblaze_0/include/xspi.h:314:0,
                 from ../src/main.c:39:
../src/main.c: In function 'WR_int_callback':
../../standalone_bsp_0/microblaze_0/include/xspi_l.h:98:12: warning: passing argument 1 of 'Xil_In32' makes integer from pointer without a cast [-Wint-conversion]
  XSpi_In32((BaseAddress) + (RegOffset))
            ^
../src/main.c:1775:10: note: in expansion of macro 'XSpi_ReadReg'
  while ((XSpi_ReadReg(&Spi, XSP_SR_OFFSET) & XSP_SR_TX_EMPTY_MASK) != 0);
          ^~~~~~~~~~~~
In file included from ../../standalone_bsp_0/microblaze_0/include/xgpio_l.h:83:0,
                 from ../../standalone_bsp_0/microblaze_0/include/xgpio.h:132,
                 from ../src/main.c:27:
../../standalone_bsp_0/microblaze_0/include/xil_io.h:147:19: note: expected 'UINTPTR {aka unsigned int}' but argument is of type 'XSpi * {aka struct <anonymous> *}'
 static INLINE u32 Xil_In32(UINTPTR Addr)
                   ^~~~~~~~
Finished building: ../src/main.c
 
Building file: ../src/platform.c
Invoking: MicroBlaze gcc compiler
mb-gcc -Wall -O0 -g3 -I../../standalone_bsp_0/microblaze_0/include -I"/media/wei/DATA/LW/quabo_V008/quabo3_Viv20183.sdk/WS3_WR/quabo_service/src" -c -fmessage-length=0 -MT"src/platform.o" -I../../standalone_bsp_1/microblaze_0/include -mlittle-endian -mcpu=v11.0 -mxl-soft-mul -Wl,--no-relax -ffunction-sections -fdata-sections -MMD -MP -MF"src/platform.d" -MT"src/platform.o" -o "src/platform.o" "../src/platform.c"
Finished building: ../src/platform.c
 
Building file: ../src/platform_mb.c
Invoking: MicroBlaze gcc compiler
mb-gcc -Wall -O0 -g3 -I../../standalone_bsp_0/microblaze_0/include -I"/media/wei/DATA/LW/quabo_V008/quabo3_Viv20183.sdk/WS3_WR/quabo_service/src" -c -fmessage-length=0 -MT"src/platform_mb.o" -I../../standalone_bsp_1/microblaze_0/include -mlittle-endian -mcpu=v11.0 -mxl-soft-mul -Wl,--no-relax -ffunction-sections -fdata-sections -MMD -MP -MF"src/platform_mb.d" -MT"src/platform_mb.o" -o "src/platform_mb.o" "../src/platform_mb.c"
Finished building: ../src/platform_mb.c
 
Building target: quabo_service.elf
Invoking: MicroBlaze gcc linker
mb-gcc -Wl,-T -Wl,../src/lscript.ld -L../../standalone_bsp_1/microblaze_0/lib -mlittle-endian -mcpu=v11.0 -mxl-soft-mul -Wl,--no-relax -Wl,--gc-sections -o "quabo_service.elf"  ./src/main.o ./src/platform.o ./src/platform_mb.o   -Wl,--start-group,-lxil,-lgcc,-lc,--end-group -Wl,--start-group,-lxil,-llwip4,-lgcc,-lc,--end-group
Finished building target: quabo_service.elf
 
Invoking: MicroBlaze Print Size
mb-size quabo_service.elf  |tee "quabo_service.elf.size"
   text	   data	    bss	    dec	    hex	filename
  88460	   1644	 161808	 251912	  3d808	quabo_service.elf
Finished building: quabo_service.elf.size
 

11:57:36 Build Finished (took 662ms)

