Copyright 1986-2018 Xilinx, Inc. All Rights Reserved.
-------------------------------------------------------------------------------------------------------------------------
| Tool Version : Vivado v.2018.3_AR71948 (lin64) Build 2405991 Thu Dec  6 23:36:41 MST 2018
| Date         : Tue Nov 19 00:10:54 2019
| Host         : Wei-Berkeley running 64-bit Ubuntu 18.04.3 LTS
| Command      : report_utilization -file base_mb_wrapper_utilization_synth.rpt -pb base_mb_wrapper_utilization_synth.pb
| Design       : base_mb_wrapper
| Device       : 7k160tffg676-1
| Design State : Synthesized
-------------------------------------------------------------------------------------------------------------------------

Utilization Design Information

Table of Contents
-----------------
1. Slice Logic
1.1 Summary of Registers by Type
2. Memory
3. DSP
4. IO and GT Specific
5. Clocking
6. Specific Feature
7. Primitives
8. Black Boxes
9. Instantiated Netlists

1. Slice Logic
--------------

+----------------------------+-------+-------+-----------+-------+
|          Site Type         |  Used | Fixed | Available | Util% |
+----------------------------+-------+-------+-----------+-------+
| Slice LUTs*                | 19721 |     0 |    101400 | 19.45 |
|   LUT as Logic             | 17605 |     0 |    101400 | 17.36 |
|   LUT as Memory            |  2116 |     0 |     35000 |  6.05 |
|     LUT as Distributed RAM |  1848 |     0 |           |       |
|     LUT as Shift Register  |   268 |     0 |           |       |
| Slice Registers            | 28591 |     1 |    202800 | 14.10 |
|   Register as Flip Flop    | 28589 |     1 |    202800 | 14.10 |
|   Register as Latch        |     1 |     0 |    202800 | <0.01 |
|   Register as AND/OR       |     1 |     0 |    202800 | <0.01 |
| F7 Muxes                   |  1200 |     0 |     50700 |  2.37 |
| F8 Muxes                   |   484 |     0 |     25350 |  1.91 |
+----------------------------+-------+-------+-----------+-------+
* Warning! The Final LUT count, after physical optimizations and full implementation, is typically lower. Run opt_design after synthesis, if not already completed, for a more realistic count.


1.1 Summary of Registers by Type
--------------------------------

+-------+--------------+-------------+--------------+
| Total | Clock Enable | Synchronous | Asynchronous |
+-------+--------------+-------------+--------------+
| 1     |            _ |           - |            - |
| 0     |            _ |           - |          Set |
| 0     |            _ |           - |        Reset |
| 0     |            _ |         Set |            - |
| 0     |            _ |       Reset |            - |
| 0     |          Yes |           - |            - |
| 1003  |          Yes |           - |          Set |
| 2376  |          Yes |           - |        Reset |
| 790   |          Yes |         Set |            - |
| 24421 |          Yes |       Reset |            - |
+-------+--------------+-------------+--------------+


2. Memory
---------

+-------------------+------+-------+-----------+-------+
|     Site Type     | Used | Fixed | Available | Util% |
+-------------------+------+-------+-----------+-------+
| Block RAM Tile    |  134 |     0 |       325 | 41.23 |
|   RAMB36/FIFO*    |  125 |     0 |       325 | 38.46 |
|     RAMB36E1 only |  125 |       |           |       |
|   RAMB18          |   18 |     0 |       650 |  2.77 |
|     RAMB18E1 only |   18 |       |           |       |
+-------------------+------+-------+-----------+-------+
* Note: Each Block RAM Tile only has one FIFO logic available and therefore can accommodate only one FIFO36E1 or one FIFO18E1. However, if a FIFO18E1 occupies a Block RAM Tile, that tile can still accommodate a RAMB18E1


3. DSP
------

+----------------+------+-------+-----------+-------+
|    Site Type   | Used | Fixed | Available | Util% |
+----------------+------+-------+-----------+-------+
| DSPs           |    3 |     0 |       600 |  0.50 |
|   DSP48E1 only |    3 |       |           |       |
+----------------+------+-------+-----------+-------+


4. IO and GT Specific
---------------------

+-----------------------------+------+-------+-----------+-------+
|          Site Type          | Used | Fixed | Available | Util% |
+-----------------------------+------+-------+-----------+-------+
| Bonded IOB                  |  364 |     0 |       400 | 91.00 |
| Bonded IPADs                |    8 |     0 |        26 | 30.77 |
| Bonded OPADs                |    4 |     0 |        16 | 25.00 |
| PHY_CONTROL                 |    0 |     0 |         8 |  0.00 |
| PHASER_REF                  |    0 |     0 |         8 |  0.00 |
| OUT_FIFO                    |    0 |     0 |        32 |  0.00 |
| IN_FIFO                     |    0 |     0 |        32 |  0.00 |
| IDELAYCTRL                  |    0 |     0 |         8 |  0.00 |
| IBUFDS                      |    6 |     0 |       384 |  1.56 |
| GTXE2_COMMON                |    1 |     0 |         2 | 50.00 |
| GTXE2_CHANNEL               |    2 |     0 |         8 | 25.00 |
| PHASER_OUT/PHASER_OUT_PHY   |    0 |     0 |        32 |  0.00 |
| PHASER_IN/PHASER_IN_PHY     |    0 |     0 |        32 |  0.00 |
| IDELAYE2/IDELAYE2_FINEDELAY |    0 |     0 |       400 |  0.00 |
| ODELAYE2/ODELAYE2_FINEDELAY |    0 |     0 |       150 |  0.00 |
| IBUFDS_GTE2                 |    2 |     0 |         4 | 50.00 |
| ILOGIC                      |    5 |     0 |       400 |  1.25 |
|   IDDR                      |    5 |       |           |       |
| OLOGIC                      |    1 |     0 |       400 |  0.25 |
|   ODDR                      |    1 |       |           |       |
+-----------------------------+------+-------+-----------+-------+


5. Clocking
-----------

+------------+------+-------+-----------+-------+
|  Site Type | Used | Fixed | Available | Util% |
+------------+------+-------+-----------+-------+
| BUFGCTRL   |   27 |     0 |        32 | 84.38 |
| BUFIO      |    0 |     0 |        32 |  0.00 |
| MMCME2_ADV |    6 |     0 |         8 | 75.00 |
| PLLE2_ADV  |    0 |     0 |         8 |  0.00 |
| BUFMRCE    |    0 |     0 |        16 |  0.00 |
| BUFHCE     |    0 |     0 |       120 |  0.00 |
| BUFR       |    0 |     0 |        32 |  0.00 |
+------------+------+-------+-----------+-------+


6. Specific Feature
-------------------

+-------------+------+-------+-----------+--------+
|  Site Type  | Used | Fixed | Available |  Util% |
+-------------+------+-------+-----------+--------+
| BSCANE2     |    1 |     0 |         4 |  25.00 |
| CAPTUREE2   |    0 |     0 |         1 |   0.00 |
| DNA_PORT    |    0 |     0 |         1 |   0.00 |
| EFUSE_USR   |    0 |     0 |         1 |   0.00 |
| FRAME_ECCE2 |    0 |     0 |         1 |   0.00 |
| ICAPE2      |    0 |     0 |         2 |   0.00 |
| PCIE_2_1    |    0 |     0 |         1 |   0.00 |
| STARTUPE2   |    1 |     0 |         1 | 100.00 |
| XADC        |    1 |     0 |         1 | 100.00 |
+-------------+------+-------+-----------+--------+


7. Primitives
-------------

+---------------+-------+---------------------+
|    Ref Name   |  Used | Functional Category |
+---------------+-------+---------------------+
| FDRE          | 24421 |        Flop & Latch |
| LUT6          |  8326 |                 LUT |
| LUT5          |  3264 |                 LUT |
| LUT3          |  2867 |                 LUT |
| LUT4          |  2679 |                 LUT |
| FDCE          |  2375 |        Flop & Latch |
| CARRY4        |  2361 |          CarryLogic |
| LUT2          |  2229 |                 LUT |
| RAMD64E       |  1760 |  Distributed Memory |
| MUXF7         |  1200 |               MuxFx |
| FDPE          |  1003 |        Flop & Latch |
| FDSE          |   790 |        Flop & Latch |
| LUT1          |   722 |                 LUT |
| MUXF8         |   484 |               MuxFx |
| IBUF          |   301 |                  IO |
| SRL16E        |   199 |  Distributed Memory |
| RAMD32        |   132 |  Distributed Memory |
| RAMB36E1      |   125 |        Block Memory |
| SRLC32E       |    61 |  Distributed Memory |
| OBUF          |    61 |                  IO |
| RAMS32        |    44 |  Distributed Memory |
| BUFG          |    27 |               Clock |
| RAMB18E1      |    18 |        Block Memory |
| SRLC16E       |     8 |  Distributed Memory |
| MMCME2_ADV    |     6 |               Clock |
| IBUFDS        |     6 |                  IO |
| OBUFT         |     5 |                  IO |
| IDDR          |     5 |                  IO |
| DSP48E1       |     3 |    Block Arithmetic |
| OBUFDS        |     2 |                  IO |
| IBUFDS_GTE2   |     2 |                  IO |
| GTXE2_CHANNEL |     2 |                  IO |
| XADC          |     1 |              Others |
| STARTUPE2     |     1 |              Others |
| ODDR          |     1 |                  IO |
| LDCE          |     1 |        Flop & Latch |
| INV           |     1 |                 LUT |
| GTXE2_COMMON  |     1 |                  IO |
| BSCANE2       |     1 |              Others |
| AND2B1L       |     1 |              Others |
+---------------+-------+---------------------+


8. Black Boxes
--------------

+----------+------+
| Ref Name | Used |
+----------+------+


9. Instantiated Netlists
------------------------

+----------+------+
| Ref Name | Used |
+----------+------+


